<?xml version="1.0" encoding="UTF-8"?>
<TestRun id="90160746-a48c-448b-b975-3cfc7ddb7f24" name="LuisAngel@LUIS-PC 2016-05-12 14:03:15" runUser="LUIS-PC\LuisAngel" xmlns="http://microsoft.com/schemas/VisualStudio/TeamTest/2010">
  <TestSettings name="Local" id="7ec8920f-868a-482c-9985-05681303a8ff">
    <Description>These are default test settings for a local test run.</Description>
    <Deployment enabled="false" runDeploymentRoot="LuisAngel_LUIS-PC 2016-05-12 14_03_15">
      <DeploymentItem filename="C:\RedSaludSA\RedSaludSA.DAL\bin\Debug\RedSaludSA.DAL.dll" />
      <DeploymentItem filename="C:\RedSaludSA\RedSaludSA.MD\bin\Debug\RedSaludSA.MD.dll" />
      <DeploymentItem filename="C:\RedSaludSA\RedSaludSA.BL\bin\Debug\RedSaludSA.BL.dll" />
    </Deployment>
    <Execution>
      <TestTypeSpecific />
      <AgentRule name="Execution Agents">
      </AgentRule>
    </Execution>
  </TestSettings>
  <Times creation="2016-05-12T14:03:15.4130135-05:00" queuing="2016-05-12T14:03:15.4130135-05:00" start="2016-05-12T14:03:15.4130135-05:00" finish="2016-05-12T14:03:23.0224267-05:00" />
  <ResultSummary outcome="Error">
    <Counters total="1" error="0" failed="0" timeout="0" aborted="0" inconclusive="0" passedButRunAborted="0" notRunnable="0" notExecuted="1" disconnected="0" warning="0" passed="0" completed="0" inProgress="0" pending="0" />
    <RunInfos>
      <RunInfo computerName="LUIS-PC" outcome="Error" timestamp="2016-05-12T14:03:22.9864011-05:00">
        <Text>Test host process exited unexpectedly.</Text>
      </RunInfo>
      <RunInfo computerName="LUIS-PC" outcome="Error" timestamp="2016-05-12T14:03:23.0214256-05:00">
        <Text>Failed to queue test run 'LuisAngel@LUIS-PC 2016-05-12 14:03:15': Unable to start the agent process. </Text>
        <Exception>Microsoft.VisualStudio.TestTools.Exceptions.EqtException: Unable to start the agent process. 
   at Microsoft.VisualStudio.TestTools.Agent.AgentProcessManager.HandleCannotStartAgentProcessError(Exception ex)
   at Microsoft.VisualStudio.TestTools.Agent.AgentProcessManager.HandleCannotStartAgentProcessError()
   at Microsoft.VisualStudio.TestTools.Agent.OutOfProcessStrategy.StartAgentProcess(AgentProcessStartupInfo agentProcessStartupInfo, Boolean restarting)
   at Microsoft.VisualStudio.TestTools.Agent.OutOfProcessStrategy.StartAgentProcess(AgentProcessStartupInfo agentProcessStartupInfo)
   at Microsoft.VisualStudio.TestTools.Agent.AgentProxy.StartAgentProcess(AgentProcessStartupInfo agentProcessStartupInfo)
   at Microsoft.VisualStudio.TestTools.Agent.AgentProcessProxyManager.StartTestAgentProcesses(AgentProcessStartupInfo agentProcessStartupInfo)
   at Microsoft.VisualStudio.TestTools.Agent.AgentProcessManager.StartAgentProcess(AgentProcessStartupInfo agentProcessStartupInfo, Boolean startDataCollectionAgent)
   at Microsoft.VisualStudio.TestTools.Agent.AgentProcessManager.StartAgentProcess(AgentProcessStartupInfo agentProcessStartupInfo, TestRunConfiguration testRunConfiguration)
   at Microsoft.VisualStudio.TestTools.TestManagement.LocalControllerProxy.StartProcess(TestRun run)
   at Microsoft.VisualStudio.TestTools.TestManagement.LocalControllerProxy.PrepareProcess(TestRun run)
   at Microsoft.VisualStudio.TestTools.TestManagement.LocalControllerProxy.InitializeController(TestRun run)
   at Microsoft.VisualStudio.TestTools.TestManagement.ControllerProxy.QueueTestRunWorker(Object state)</Exception>
      </RunInfo>
    </RunInfos>
  </ResultSummary>
  <TestDefinitions>
    <UnitTest name="TestMethod1" storage="c:\redsaludsa\redsaludsa.test\bin\debug\redsaludsa.test.dll" id="e62a6007-1ca5-da62-a483-cae771304ce8">
      <Execution id="1e9aa900-e12e-464e-ada9-311fb34662f0" />
      <TestMethod codeBase="C:/RedSaludSA/RedSaludSA.Test/bin/Debug/RedSaludSA.Test.DLL" adapterTypeName="Microsoft.VisualStudio.TestTools.TestTypes.Unit.UnitTestAdapter, Microsoft.VisualStudio.QualityTools.Tips.UnitTest.Adapter, Version=10.0.0.0, Culture=neutral, PublicKeyToken=b03f5f7f11d50a3a" className="RedSaludSA.Test.UnitTest1, RedSaludSA.Test, Version=1.0.0.0, Culture=neutral, PublicKeyToken=null" name="TestMethod1" />
    </UnitTest>
  </TestDefinitions>
  <TestLists>
    <TestList name="Results Not in a List" id="8c84fa94-04c1-424b-9868-57a2d4851a1d" />
    <TestList name="All Loaded Results" id="19431567-8539-422a-85d7-44ee4e166bda" />
  </TestLists>
  <TestEntries>
    <TestEntry testId="e62a6007-1ca5-da62-a483-cae771304ce8" executionId="1e9aa900-e12e-464e-ada9-311fb34662f0" testListId="8c84fa94-04c1-424b-9868-57a2d4851a1d" />
  </TestEntries>
  <Results>
    <UnitTestResult executionId="1e9aa900-e12e-464e-ada9-311fb34662f0" testId="e62a6007-1ca5-da62-a483-cae771304ce8" testName="TestMethod1" computerName="LUIS-PC" testType="13cdc9d9-ddb5-4fa4-a97d-d965ccfc6d4b" outcome="NotExecuted" testListId="8c84fa94-04c1-424b-9868-57a2d4851a1d" relativeResultsDirectory="1e9aa900-e12e-464e-ada9-311fb34662f0">
    </UnitTestResult>
  </Results>
</TestRun>